// Jest Snapshot v1, https://goo.gl/fbAQLP

exports[`Checkbox unit test should render correctly 1`] = `
.c0 {
  padding: 16px;
  width: 100%;
  display: -webkit-box;
  display: -webkit-flex;
  display: -ms-flexbox;
  display: flex;
  -webkit-align-items: center;
  -webkit-box-align: center;
  -ms-flex-align: center;
  align-items: center;
  margin: 8px;
}

.c1 {
  -webkit-appearance: none;
  -moz-appearance: none;
  appearance: none;
  width: 38px;
  height: 21px;
  border-radius: 11px;
  outline: none;
  display: inline-block;
  vertical-align: top;
  position: relative;
  margin: 0;
  cursor: pointer;
  border: 1px solid var(--bc,#999591);
  background: var(--b,#dddddd);
  -webkit-transition: background 0.3s,border-color 0.3s,box-shadow 0.3s;
  transition: background 0.3s,border-color 0.3s,box-shadow 0.3s;
}

.c1:after {
  content: '';
  display: block;
  position: absolute;
  left: 2px;
  top: 2px;
  border-radius: 50%;
  width: 15px;
  height: 15px;
  background: var(--ab,#ff9000);
  -webkit-transform: translateX(var(--x,0));
  -ms-transform: translateX(var(--x,0));
  transform: translateX(var(--x,0));
  -webkit-transition: -webkit-transform 0.3s,opacity 0.3s;
  -webkit-transition: transform 0.3s,opacity 0.3s;
  transition: transform 0.3s,opacity 0.3s;
}

.c1:checked {
  --b: #a95f00;
  --bc: #ff9000;
  --ab: #ff9000;
  --x: 17px;
}

.c1:checked + label .active {
  display: block;
}

.c1:checked + label .inactive {
  display: none;
}

.c1:disabled {
  --ab: #666360;
  cursor: not-allowed;
  opacity: 0.9;
}

.c1:disabled + label {
  cursor: not-allowed;
}

.c1:hover:not(:checked):not(:disabled) {
  --bc: #cc7300;
}

.c1:focus {
  box-shadow: 0 0 0 #ff9000;
}

.c1 + label {
  color: #dddddd;
  display: inline-block;
  vertical-align: top;
  cursor: pointer;
  margin-left: 8px;
}

.c1 + label .active {
  display: none;
}

<div>
  <form>
    <div
      class="c0"
    >
      <input
        class="c1"
        data-testid="checkbox"
        id="newsletter"
        type="checkbox"
      />
      <label
        class=""
        for="newsletter"
      >
        <span
          class="active"
        >
          I would like to receive news
        </span>
        <span
          class="inactive"
        >
          I would NOT like to receive news
        </span>
      </label>
    </div>
  </form>
</div>
`;
